$ result = exec("echo foobar")

> "Should be true: " + result.get("success")
> "Should be 0: " + result.get("exit_code")
> "Should be foobar: " + trimmed(result.get("output"))

>

* setenv("foo", "bar")
* result = exec("echo %foo%")

> "Should be true: " + result.get("success")
> "Should be 0: " + result.get("exit_code")
> "Should be bar: " + trimmed(result.get("output"))

>

$ expanded = expandedEnvVars("%path%")
$ gotten = getEnv("path")
> "expandedEnvVars: Should be true: " + (expanded == gotten)

>

$ sys_val0 = system("echo foo")
> "sys_val0 = " + sys_val0

$ sys_val1 = system("bletbletbletfoofoobar")
! err
	> "bletbletbletfoofoobar error: " + err
}

$ sys_val1 = system("bletbletbletfoofoobar", true)
> "sys_val1 = " + sys_val1

===

Should be true: true
Should be 0: 0
Should be foobar: foobar

Should be true: true
Should be 0: 0
Should be bar: bar

expandedEnvVars: Should be true: true

sys_val0 = 0
bletbletbletfoofoobar error: system() failed with exit code 1
sys_val1 = 1