+ "mscript-registry.dll"

$ key = "HKEY_CURRENT_USER\Software\Workrave\fred"

/ multi-create
* msreg_create_key(key)
* msreg_create_key(key)

/ multi-delete
* msreg_delete_key(key)
* msreg_delete_key(key)

* msreg_create_key(key)

$ put_settings = index("foo", "bar", "blet", 4, "some", "monkey")
* msreg_put_settings(key, put_settings)
* msreg_put_settings(key, put_settings)

$ del_settings = index("some", null)
* msreg_put_settings(key, del_settings)

$ get_settings = msreg_get_settings(key)

@ cur_key : sorted(put_settings.keys())
	[] true
		= cur_key == "some"
			* sleep(0)
		}
		= !get_settings.has(cur_key)
			* error("get settings lacks: " + cur_key)
		}
		= get_settings.get(cur_key) != put_settings.get(cur_key)
			* error("get settings value does not match: get=" + get_settings.get(cur_key) + " - put=" + put_settings.get(cur_key)
		}
	}
}

* msreg_create_key(key + "\blet")
* msreg_create_key(key + "\some")

$ sub_keys = sorted(msreg_get_sub_keys(key))
$ found_blet = false
$ found_some = false
@ sub : sub_keys
	[] true
		= sub = "blet"
			* found_blet = true
		}
		= sub = "some"
			* found_some = true
		}
		<>
			* error("invalid sub key: " + sub)
		}
	}
}
? !found_blet
	* error("blet not found")
}
? !found_some
	* error("some not found")
}

/ recursive delete
* msreg_delete_key(key)
* msreg_delete_key(key)

===
